13:40:26 **** Incremental Build of configuration Debug for project B2_Demo_Pot ****
make -j16 all 
arm-none-eabi-gcc "../Core/Src/main.c" -mcpu=cortex-m4 -std=gnu11 -g3 -DDEBUG -DUSE_HAL_DRIVER -DSTM32F401xE -c -I../Core/Inc -I../Drivers/STM32F4xx_HAL_Driver/Inc -I../Drivers/STM32F4xx_HAL_Driver/Inc/Legacy -I../Drivers/CMSIS/Device/ST/STM32F4xx/Include -I../Drivers/CMSIS/Include -O0 -ffunction-sections -fdata-sections -Wall -fstack-usage -fcyclomatic-complexity -MMD -MP -MF"Core/Src/main.d" -MT"Core/Src/main.o" --specs=nano.specs -mfpu=fpv4-sp-d16 -mfloat-abi=hard -mthumb -o "Core/Src/main.o"
../Core/Src/main.c:60:13: warning: 'ADC_Select_Ch' declared 'static' but never defined [-Wunused-function]
   60 | static void ADC_Select_Ch(int CH);
      |             ^~~~~~~~~~~~~
arm-none-eabi-gcc -o "B2_Demo_Pot.elf" @"objects.list"   -mcpu=cortex-m4 -T"/home/loqoman/Programming/Academic/ece298/cube/B2_Demo_Pot/STM32F401RETX_FLASH.ld" --specs=nosys.specs -Wl,-Map="B2_Demo_Pot.map" -Wl,--gc-sections -static --specs=nano.specs -mfpu=fpv4-sp-d16 -mfloat-abi=hard -mthumb -Wl,--start-group -lc -lm -Wl,--end-group
Finished building target: B2_Demo_Pot.elf
 
arm-none-eabi-size   B2_Demo_Pot.elf 
arm-none-eabi-objdump -h -S  B2_Demo_Pot.elf  > "B2_Demo_Pot.list"
   text	   data	    bss	    dec	    hex	filename
  14232	    100	   2108	  16440	   4038	B2_Demo_Pot.elf
Finished building: default.size.stdout
 
Finished building: B2_Demo_Pot.list
 

13:40:26 Build Finished. 0 errors, 1 warnings. (took 388ms)

