17:27:46 **** Incremental Build of configuration Debug for project B2_Demo_Servo ****
make -j16 all 
arm-none-eabi-gcc "../Core/Src/main.c" -mcpu=cortex-m4 -std=gnu11 -g3 -DDEBUG -DUSE_HAL_DRIVER -DSTM32F401xE -c -I../Core/Inc -I../Drivers/STM32F4xx_HAL_Driver/Inc -I../Drivers/STM32F4xx_HAL_Driver/Inc/Legacy -I../Drivers/CMSIS/Device/ST/STM32F4xx/Include -I../Drivers/CMSIS/Include -O0 -ffunction-sections -fdata-sections -Wall -fstack-usage -fcyclomatic-complexity -MMD -MP -MF"Core/Src/main.d" -MT"Core/Src/main.o" --specs=nano.specs -mfpu=fpv4-sp-d16 -mfloat-abi=hard -mthumb -o "Core/Src/main.o"
arm-none-eabi-gcc -o "B2_Demo_Servo.elf" @"objects.list"   -mcpu=cortex-m4 -T"/home/loqoman/Programming/Academic/ece298/cube/B2_Demo_Servo/STM32F401RETX_FLASH.ld" --specs=nosys.specs -Wl,-Map="B2_Demo_Servo.map" -Wl,--gc-sections -static --specs=nano.specs -mfpu=fpv4-sp-d16 -mfloat-abi=hard -mthumb -Wl,--start-group -lc -lm -Wl,--end-group
Finished building target: B2_Demo_Servo.elf
 
arm-none-eabi-size   B2_Demo_Servo.elf 
arm-none-eabi-objdump -h -S  B2_Demo_Servo.elf  > "B2_Demo_Servo.list"
   text	   data	    bss	    dec	    hex	filename
  11616	     20	   1708	  13344	   3420	B2_Demo_Servo.elf
Finished building: default.size.stdout
 
Finished building: B2_Demo_Servo.list
 
17:29:30 **** Incremental Build of configuration Debug for project B2_Demo_Servo ****
make -j16 all 
arm-none-eabi-size   B2_Demo_Servo.elf 
   text	   data	    bss	    dec	    hex	filename
  11616	     20	   1708	  13344	   3420	B2_Demo_Servo.elf
Finished building: default.size.stdout
 
17:30:44 **** Incremental Build of configuration Debug for project B2_Demo_Servo ****
make -j16 all 
arm-none-eabi-gcc "../Core/Src/main.c" -mcpu=cortex-m4 -std=gnu11 -g3 -DDEBUG -DUSE_HAL_DRIVER -DSTM32F401xE -c -I../Core/Inc -I../Drivers/STM32F4xx_HAL_Driver/Inc -I../Drivers/STM32F4xx_HAL_Driver/Inc/Legacy -I../Drivers/CMSIS/Device/ST/STM32F4xx/Include -I../Drivers/CMSIS/Include -O0 -ffunction-sections -fdata-sections -Wall -fstack-usage -fcyclomatic-complexity -MMD -MP -MF"Core/Src/main.d" -MT"Core/Src/main.o" --specs=nano.specs -mfpu=fpv4-sp-d16 -mfloat-abi=hard -mthumb -o "Core/Src/main.o"
arm-none-eabi-gcc -o "B2_Demo_Servo.elf" @"objects.list"   -mcpu=cortex-m4 -T"/home/loqoman/Programming/Academic/ece298/cube/B2_Demo_Servo/STM32F401RETX_FLASH.ld" --specs=nosys.specs -Wl,-Map="B2_Demo_Servo.map" -Wl,--gc-sections -static --specs=nano.specs -mfpu=fpv4-sp-d16 -mfloat-abi=hard -mthumb -Wl,--start-group -lc -lm -Wl,--end-group
Finished building target: B2_Demo_Servo.elf
 
arm-none-eabi-size   B2_Demo_Servo.elf 
arm-none-eabi-objdump -h -S  B2_Demo_Servo.elf  > "B2_Demo_Servo.list"
   text	   data	    bss	    dec	    hex	filename
  11612	     20	   1708	  13340	   341c	B2_Demo_Servo.elf
Finished building: default.size.stdout
 
Finished building: B2_Demo_Servo.list
 
17:31:15 **** Incremental Build of configuration Debug for project B2_Demo_Servo ****
make -j16 all 
arm-none-eabi-gcc "../Core/Src/main.c" -mcpu=cortex-m4 -std=gnu11 -g3 -DDEBUG -DUSE_HAL_DRIVER -DSTM32F401xE -c -I../Core/Inc -I../Drivers/STM32F4xx_HAL_Driver/Inc -I../Drivers/STM32F4xx_HAL_Driver/Inc/Legacy -I../Drivers/CMSIS/Device/ST/STM32F4xx/Include -I../Drivers/CMSIS/Include -O0 -ffunction-sections -fdata-sections -Wall -fstack-usage -fcyclomatic-complexity -MMD -MP -MF"Core/Src/main.d" -MT"Core/Src/main.o" --specs=nano.specs -mfpu=fpv4-sp-d16 -mfloat-abi=hard -mthumb -o "Core/Src/main.o"
arm-none-eabi-gcc -o "B2_Demo_Servo.elf" @"objects.list"   -mcpu=cortex-m4 -T"/home/loqoman/Programming/Academic/ece298/cube/B2_Demo_Servo/STM32F401RETX_FLASH.ld" --specs=nosys.specs -Wl,-Map="B2_Demo_Servo.map" -Wl,--gc-sections -static --specs=nano.specs -mfpu=fpv4-sp-d16 -mfloat-abi=hard -mthumb -Wl,--start-group -lc -lm -Wl,--end-group
Finished building target: B2_Demo_Servo.elf
 
arm-none-eabi-size   B2_Demo_Servo.elf 
arm-none-eabi-objdump -h -S  B2_Demo_Servo.elf  > "B2_Demo_Servo.list"
   text	   data	    bss	    dec	    hex	filename
  11612	     20	   1708	  13340	   341c	B2_Demo_Servo.elf
Finished building: default.size.stdout
 
Finished building: B2_Demo_Servo.list
 
