17:57:43 **** Incremental Build of configuration Debug for project Timer_Blink ****
make -j16 all 
arm-none-eabi-gcc "../Core/Src/main.c" -mcpu=cortex-m4 -std=gnu11 -g3 -DDEBUG -DUSE_HAL_DRIVER -DSTM32F401xE -c -I../Core/Inc -I../Drivers/STM32F4xx_HAL_Driver/Inc -I../Drivers/STM32F4xx_HAL_Driver/Inc/Legacy -I../Drivers/CMSIS/Device/ST/STM32F4xx/Include -I../Drivers/CMSIS/Include -O0 -ffunction-sections -fdata-sections -Wall -fstack-usage -fcyclomatic-complexity -MMD -MP -MF"Core/Src/main.d" -MT"Core/Src/main.o" --specs=nano.specs -mfpu=fpv4-sp-d16 -mfloat-abi=hard -mthumb -o "Core/Src/main.o"
arm-none-eabi-gcc -o "Timer_Blink.elf" @"objects.list"   -mcpu=cortex-m4 -T"/home/loqoman/Programming/Academic/ece298/cube/Timer_Blink/STM32F401RETX_FLASH.ld" --specs=nosys.specs -Wl,-Map="Timer_Blink.map" -Wl,--gc-sections -static --specs=nano.specs -mfpu=fpv4-sp-d16 -mfloat-abi=hard -mthumb -Wl,--start-group -lc -lm -Wl,--end-group
Finished building target: Timer_Blink.elf
 
arm-none-eabi-size   Timer_Blink.elf 
arm-none-eabi-objdump -h -S  Timer_Blink.elf  > "Timer_Blink.list"
   text	   data	    bss	    dec	    hex	filename
  11108	     20	   1708	  12836	   3224	Timer_Blink.elf
Finished building: default.size.stdout
 
Finished building: Timer_Blink.list
 

17:57:44 Build Finished. 0 errors, 0 warnings. (took 384ms)

